exports[`TodoItem renders properly 1`] = `
<li
  className="todo-item"
  id="list_item_f6cd808b-ae79-4c7e-8679-6950a7d259e0"
  onClick={[Function]}>
  <input
    checked={false}
    type="checkbox" />
  one
</li>
`;
