exports[`TodoList renders properly 1`] = `
<div>
  <h1>
    List of items:
  </h1>
  <ul>
    <li
      id="list_item_1">
      1
      : 
      test_one
    </li>
    <li
      id="list_item_2">
      2
      : 
      test_two
    </li>
  </ul>
</div>
`;
